Wwt, Wwt, Wwt, Wwt, Wwt, Wwt, Wwt, Wwt, Wwt, Wwt, Wwt, Wwt, Wwt, Wwt, Wwt, Wwt, Wwt, Wwt, Wwt, Wwt, Wwt, Wwt, Wwt
Wwt, Wwt, Ds, Wwt, Ds, Wwt, Ds, Wwt, Ds, Wwt, Ds, Wwt, Wwt, Wwt, Wwt, Wwt, Wwt, Wwt, Wwt, Wwt, Wwt, Wwt, Wwt
Wwt, Ds, Wwt, Wwt, Wwt, Ds, Wwt, Wwt, Ds, Wwt, Wwt, Wwt, Wwt, Wwt, Wwt, Wwt, Wwt, Wwt, Wwt, Wwt, Wwt, Wwt, Wwt
Wwt, Wwt, Dd^Ftd, Ds, Wwf, Wwt, Ds, Ds, Cm^Vm, Wwf, Wwt^Bw/, Chw, Wwt^Bw\, Wwt, Cm^Vm, Wwt, Wwt, Wwt, Wwt, Wwt, Wwt, Wwt, Wwt
Ds, Ds, Ds, Ds, Ds, Wwf, Cm, Cm, Kme, Cm, Wwf, Wwt, Wwt, Cm, Kme, Cm, Cm, Wwt, Wwt, Wwt, Wwt, Wwt, Wwt
Ds, Wwt, Ds, Wwt, Cm, Cm^Vm, Cm, Cm, Cm, Cm, Km, Km, Km, Cm, Cm, Cm, Cm, Cm^Vm, Cm, Wwt, Wwt, Wwt, Wwt
Ds, Ds, Wwt, Wwf, Cm, Cm, Cm, 1 Kme, Cm, Cm, Km, 2 Cm, Km, Cm, Cm, Kme, Cm, Cm, Cm, Wwt, Wwt, Wwt, Wwt
Ds, Wwt, Wwf, Ds, Wwf, Cm^Vm, Cm, Cm, Kme, Cm, Wwf, Km, Wwt, Cm, Kme, Cm, Cm, Cm^Vm, Wwt, Wwt, Wwt, Wwt, Wwt
Ds, Ds, Ds, Wwf, Ds, Wwt, Ds, Cm, Cm^Vm, Cm, Wwf^Bw\, Wwt, Wwt^Bw/, Cm, Cm^Vm, Cm, Wwt, Wwt, Wwt, Wwt, Wwt, Wwt, Wwt
Wwt, Ds, Wwt, Ds, Ds, Wwf, Wwf, Ds, Ds, Wwf, Wwt, Chw, Wwt, Wwt, Wwt, Wwt, Wwt, Wwt, Wwt, Wwt, Wwt, Wwt, Wwt
Wwt, Wwt, Wwt, Ds, Ds, Ds, Ds, Wwf, Wwt, Wwf, Wwt, Wwt, Wwt, Wwt, Wwt, Wwt, Wwt, Wwt, Wwt, Wwt, Wwt, Wwt, Wwt
Wwt, Ds, Wwt, Wwt, Ds, Ds, Wwt, Wwt, Wwt, Ds, Ds, Wwt, Wwt, Wwt, Wwt, Wwt, Wwt, Wwt, Wwt, Wwt, Wwt, Wwt, Wwt
Wwt, Wwt, Dd^Ftd, Ds, Ds, Ds, Wwt, Ds, Wwt, Ds, Dd^Ftd, Ds, Ds, Ds, Wwt, Wwt, Wwt, Wwt, Wwt, Wwt, Wwt, Wwt, Wwt
Wwt, Ds, Ds, Ds, Ds, Wwt, Wwt, Wwt, Ds, Ds, Ds, Ds, Ds, Ds, Wwt, Wwt, Wwt, Wwt, Wwt, Wwt, Wwt, Wwt, Wwt
