Wot, Wot, Wot, Wot, Wot, Wot, Wot, Wot, Wot, Wot, Wot, Ww, Ww, Ds, Ds, Ds, Ww, Ww, Wot, Wot, Wot, Wot, Wwt, Wwrt, Wwrt, Wwt, Wwt, Wwt, Wwt, Wwt, Wwrt, Wwrt, Ww, Ww, Ds, Ss, Wwf, Ss, Ss, Ds, Ss, Ds, Ds, Ww
Wot, Wot, Wot, Wot, Wot, Wot, Wot, Wot, Wot, Wot, Wot, Wot, Wwr, Ww, Ww^Esd, Ds, Ww, Wot, Wot, Wot, Wot, Wot, Wot, Wwt, Wwt, Wwt, Wwt, Wwt, Wwf, Wwt, Wwf, Ww, Wwt, Wwt, Ds, Ds, Ss, Wwg, Ss^Em, Ds, Ds, Ds, Ss^Em, Ds
Wot, Wot, Wot, Wot, Wot, Wot, Wot, Wot, Wot, Wot, Wot, Wot, Wot, Ww, Wot, Ww, Wot, Wot, Wot, Wot, Wot, Wot, Wot, Wwt, Wwt, Wwt, Ww^Vm, Wwt, Wwt, Wwf, Cm, Cm, Cm, Wwt, Ds, Ds^Esd, Ds, Ss^Vhs, Wwf, Wwf^Edb, Wwg^Edb, Ds, Ss^Edb, Ds
Wot, Wot, Wot, Wot, Wot, Wot, Wot, Wot, Wot, Wot, Wot, Wot, Wot, Wot, Wot, Wot, Wot, Wot, Wot, Wot, Wot, Wot, Wwt, Wwt, Wwt, Wwt, Wwt, Wwt, Ds, Ds, Cm, Cme, 1 Km, Cm, Cm, Ss, Ds, Wwg, Ss, Wwg, Ss, Ds, Ds, Ds
Wot, Wot, Wot, Wot, Wot, Wot, Wot, Wot, Wot, Wot, Wot, Wot, Wot, Wot, Wot, Wot, Wot, Wot, Wot, Wot, Wwt, Wwt, Wwrt, Wwt, Wwrt, Wwrt, Wwrt, Wwt, Wwt, Ds, Ds, Cm, Cm, Cme, Cm, Ds, Wwt, Ds, Ds, Wwg, Ds, Wwg, Wwt, Wwt
Wot, Wot, Wot, Wot, Wot, Wot, Wot, Wot, Ww, Wot, Wot, Wot, Wot, Wot, Wot, Wot, Wot, Wot, Wwt, Wwt, Wwt, Wwt, Wwt, Wwrt, Wwt, Wwt, Wwrt, Wwrt, Wwt, Ds, Wwt, Ds, Wwt, Cm, Wwf, Wwf, Wwt, Wwt, Wwt, Ds, Wwt, Wwt, Ds, Ds
Wot, Wot, Wot, Wot, Wot, Wot, Wot, Wwr, Ww^Vm, Wot, Wot, Wot, Wot, Wot, Wot, Wot, Wot, Wot, Wwt, Wwt, Wot, Wwt, Wwt, Wwt, Wot, Wwt, Wot, Wwt, Wwt, Wwt, Wwt, Wwt, Wwt, Wwt, Wwt, Wwf, Wwf, Wwt, Wwt, Wwrt, Wwt, Ds, Dd^Vda, Ds
Wot, Wot, Wot, Wot, Wot, Wot, Wot, Ww, Wot, Wot, Wot, Wot, Wot, Wot, Wot, Wot, Wot, Wwt, Wot, Wot, Wot, Wot, Wot, Wot, Wot, Wot, Wot, Wwt, Wwt, Wwrt, Wwrt, Wwt, Wwt, Wwt, Wwt, Wwt, Wwf, Ds, Wwt, Wwt, Wwt, Wwt, Ds^Esd, Ds
Wot, Wot, Wot, Wot, Wot, Wot, Wot, Wot, Wot, Wot, Wot, Wot, Wot, Wot, Wot, Wot, Wot, Wot, Wot, Wot, Wot, Wot, Wot, Wot, Wot, Wot, Wwt, Wwt, Wwt, Wwrt, Wwrt, Wwt, Ds, Wwt, Wwt, Wwt, Wwt, Wwf, Wwt, Wwrt, Wwt, Wwt, Ds, Ds
Wot, Wot, Wot, Wot, Wot, Wot, Wot, Wot, Wot, Wot, Wot, Wot, Wot, Wot, Wot, Wot, Wot, Wot, Wot, Wot, Wot, Wot, Wwt, Wot, Wwt, Wwt, Wwrt, Wwt, Wwt, Wwt, Wwt, Wwt, Wwt, Ds, Ds, Ds, Ds^Esd, Wwf, Wwt, Wwt, Wwt, Wwt, Wwt, Ds
Wot, Wot, Wot, Wot, Wot, Wot, Wot, Wot, Wot, Wot, Wot, Wot, Wot, Wot, Wot, Wot, Wot, Wot, Wot, Wot, Wot, Wwt, Wot, Wwt, Wwt, Wwt, Wwrt, Wwt, Wwt, Wwt, Ww^Vm, Wwt, Wwt, Wwt, Ds, Dd^Vda, Ds, Ds, Ds, Wwt, Wwt, Wwt, Wwt, Wwt
Wot, Wot, Wot, Wot, Wot, Wot, Wot, Wot, Wot, Wot, Wot, Wot, Wot, Wot, Wot, Wot, Wot, Wot, Wot, Wot, Wot, Wot, Wot, Wot, Wwt, Wwrt, Wwt, Wwt, Cm, Wwt, Wwt, Wwt, Wwt, Wwt, Wwt, Wwt, Wwt, Wwt, Wwt, Ds, Ds, Wwt, Wwt, Wwt
Wot, Wot, Wot, Wot, Wot, Wot, Wot, Wot, Wot, Wot, Wot, Wot, Wot, Wot, Wot, Wot, Wot, Wot, Wot, Wot, Wwt, Wwt, Wwt, Wwt, Wwt, Wwt, Ds, Ds, Ds, Wwt, Wwt, Wwrt, Wwrt, Wwt, Wwt, Wwt, Wwrt, Wwt, Wwt, Wwt, Wwt, Ds, Ds, Wwt
Wot, Wot, Wot, Wot, Wot, Wot, Wot, Wot, Wot, Wot, Wot, Wot, Wot, Wot, Wot, Wot, Wot, Wot, Wot, Wwt, Wot, Wot, Wot, Wwt, Wwt, Wwt, Wwt, Ds, Wwt, Wwt, Wot, Wwt, Wwt, Wwt, Wwt, Wwt, Wwt, Wwt, Wwt, Wwt, Wwt, Ds, Ds^Esd, Ds
Wot, Wot, Wot, Wot, Wot, Wot, Wot, Wot, Wot, Wot, Wot, Wot, Wot, Wot, Wot, Wot, Wot, Wot, Wwt, Wwt, Wot, Wot, Wot, Wwt, Wwt, Wwt, Wwt, Wwt, Wwt, Wot, Wot, Wot, Wot, Wwt, Wwrt, Wwt, Wwt, Wwt, Ds, Wwt, Wwf, Wwf, Wwf, Ds
Wot, Wot, Wot, Wot, Wot, Wot, Wot, Wot, Wot, Wot, Wot, Wot, Wwt, Wwt, Wot, Wot, Wot, Wot, Wwt, Wwrt, Wwt, Wot, Wot, Wwt, Wot, Wot, Wot, Wwt, Wwt, Wot, Wot, Wot, Wot, Wwt, Wwt, Wwt, Cm, Wwt, Ds^Esd, Wwrt, Wwt, Wwt, Wwt, Ww
Wot, Wot, Wot, Wot, Wot, Wot, Wwt, Wwt, Wwt, Wwt, Wwt, Wwt, Wwt, Wwt, Wwt, Wot, Wot, Wot, Wot, Wwt, Wwt, Wot, Wwt, Wwt, Wot, Wot, Wot, Wwt, Wwt, Wot, Wwt, Wot, Wwt, Wwt, Wwrt, Wwt, Wwt, Wwt, Wwt, Ds, Wwt, Wwt, Ds, Gg
Wot, Wot, Wot, Wot, Wot, Wot, Wwt, Wwt, Ds, Wwt, Ds, Wwt, Wwt, Wwrt, Wwt, Wot, Wot, Wot, Wot, Wwt, Wwrt, Wwt, Ds, Wwt, Wwt, Wot, Wwt, Wwt, Wwt, Wwt, Wwt, Wwt, Wwt, Wwt, Wwt, Wwt, Wwt, Wwt, Wwt, Wwt, Wwt, Wwt, Gg, Gs^Fms
Wot, Wot, Wot, Wot, Wot, Wot, Wwrt, Ds, Dd^Do, Dd^Ftd, Dd^Vda, Ds, Wwt, Wwrt, Wwrt, Wwt, Wot, Wot, Wot, Wot, Wot, Wwt, Ww^Vm, Ds^Esd, Ds, Wwt, Wwrt, Wwt, Wwt, Wwt, Wot, Wot, Wot, Wwt, Wwt, Wwt, Wwt, Wwrt, Wwt, Wwt, Wwt, Wwt, Ds, Gs^Ftp
Wot, Wot, Wwt, Wot, Wwt, Wwt, Wwrt, Ds, Ds, Ds^Esd, Dd^Ftd, Ds, Wwt, Wwrt, Wwrt, Wwt, Wot, Wot, Wot, Wot, Wot, Wot, Wwt, Ds^Esd, Wwt, Wwt, Wwrt, Wwrt, Wwt, Wot, Wot, Wot, Wot, Wot, Wwt, Wwt, Wwt, Wwt, Ds, Ds, Gs^Ftp, Ds, Re, Re
Wot, Wot, Wwt, Wwt, Cme, Wwt, Wwrt, Wwrt, Wwt, Wwt, Wwt, Ds, Wwt, Wwt, Wwt, Wwt, Wot, Wot, Wot, Wot, Wot, Wot, Wwt, Wwt, Wwt, Wwrt, Wwrt, Wwt, Wot, Wot, Wot, Wot, Wot, Wot, Wwt, Wwt, Ds, Wwt, Wwt, Gs^Fms, Gg, Gs^Efm, Gs^Ftp, Gs^Fms
Wot, Wwt, Wwt, Cme, 3 Kme, Wwt, Wwt, Wwt, Wot, Wwt, Wot, Wwt, Wwt, Wwt, Wwt, Wwt, Wwt, Wot, Wot, Wot, Wwt, Wwt, Wot, Wot, Wot, Wwt, Wwt, Wwt, Wot, Wot, Wot, Wot, Wot, Wwt, Wwt, Wwt, Wwt, Ds, Ds, Wwt, Wwt, Wwt, Wwt, Wwt
Wot, Wot, Wwt, Wwt, Wwt, Cme, Wwt, Wot, Wot, Wot, Wot, Wot, Wwt, Wwt, Wot, Wwt, Wwrt, Wwt, Wwt, Wwt, Wwt, Wwt, Wot, Wot, Wot, Wot, Wot, Wot, Wot, Wot, Wot, Wot, Ww, Wwrt, Wwt, Wwt, Wwt, Ds, Ds^Esd, Dd^Vda, Gg, Gs^Ftp, Gs^Fms, Gs^Fms
Wot, Wot, Wot, Wot, Wot, Wwt, Wot, Wot, Wot, Wot, Wot, Wot, Wwt, Wwt, Wwrt, Wot, Wot, Wwt, Wwt, Wwt, Wot, Wot, Wot, Wot, Wot, Wot, Wot, Wot, Wot, Wot, Wot, Wot, Wot, Wot, Wot, Wot, Wwt, Wwt, Wwf, Ds, Ds, Gs^Efm, Gs^Ftp, Gs
Wot, Wot, Wot, Wot, Wot, Wwt, Wot, Wot, Wot, Wot, Wot, Wot, Wot, Wwt, Ww^Vm, Wot, Wot, Wwrt, Wwt, Wwt, Wot, Wot, Wot, Wot, Wot, Wot, Wot, Wot, Wot, Wot, Wot, Wot, Wot, Wot, Wot, Wot, Wwt, Wwrt, Wwf, Wwf, Wwrt, Ds, Ds, Ds
Wot, Wot, Wot, Wot, Wot, Wot, Wot, Wot, Wot, Wot, Wot, Wot, Wot, Wwt, Wwt, Wwt, Wwt, Wot, Wwt, Wwt, Wwt, Wwt, Wwt, Wwt, Wot, Wot, Wot, Wot, Wot, Wot, Wot, Wot, Wot, Wot, Wwt, Wwt, Wwf, Wwf, Wwf, Wwf, Ww, Ww, Ww, Ds
Wot, Wot, Wot, Wot, Wot, Wot, Wot, Wot, Wot, Wot, Wot, Wot, Wot, Wot, Wot, Wwt, Wwt, Wwt, Hd, Ds, Hh, Ds, Ds^Esd, Wwt, Wwt, Wot, Wot, Wot, Wwrt, Wot, Wot, Wot, Wot, Wot, Ds^Esd, Ds, Ww, Ww, Ww, Ww, Ww, Ww, Ww, Ww
Wot, Wot, Wot, Wot, Wot, Wot, Wot, Wot, Wot, Wot, Wot, Wot, Wot, Wot, Wot, Wwt, Wwt, Ds, Dd^Ftd, Hd, Gg^Fet, Hd, Hh, Ds, Ds, Wwt, Wwt, Wwt, Wot, Wot, Wot, Wot, Wot, Wwt, Wwf, Ds, Ww, Ww, Ww, Ww, Ww, Ww, Ww, Ds
Wot, Wot, Wot, Wot, Wot, Wot, Wot, Wot, Wot, Wot, Wot, Wot, Wot, Wot, Wwt, Wwt, Wwt, Ds, Hd, Gg, Gg^Ve, Gs, Dd^Ftd, Hh, Ds^Es, Wwt, Wwt, Wwt, Wot, Wot, Wot, Wot, Wwt, Wwt, Wwf, Ww, Ww, Wot, Wot, Wot, Wot, Ww, Ww, Ww
Wot, Wot, Wot, Wot, Wot, Wot, Wot, Wot, Wot, Wot, Wwt, Wwt, Wwt, Wwt, Wwt, Wwt, Ds, Wwt, Ds^Em, Hh, Hh, Gg^Efm, Ss, Hd, Ds, Wwt, Wot, Wot, Wot, Wot, Wot, Wot, Wwt, Wwf, Wwt, Wwrt, Wot, Wot, Wot, Wot, Wot, Wot, Ww, Ww
Wot, Wot, Wot, Wot, Wot, Wot, Wot, Wot, Wot, Wot, Wwt, Ds, Wwrt, Wwrt, Chw, Ds, Chw, Dd^Ftd, Mm, Hd, Dd^Ftd, Ss, Wwt, Ds, Wwt, Wwt, Wot, Wot, Wot, Wot, Wwt, Wwt, Wwt, Wwt, Wot, Wot, Wot, Wot, Wot, Wot, Wot, Wot, Ww, Ww
Wot, Wot, Wot, Wot, Wot, Wot, Wot, Wot, Wot, Wot, Wot, Wwt, Wwt, Ds, Chw, Chw, 2 Khw, Gs, Gg, Mm, Ds, Hh, Ds, Wwt, Wwrt, Wwt, Wwt, Wwt, Wwt, Wwt, Wwt, Wwt, Wot, Wot, Wot, Wot, Wot, Wot, Wot, Wot, Wot, Wot, Ww, Wwr
Wot, Wot, Wot, Wot, Wot, Wot, Wot, Wot, Wot, Wot, Wot, Ww^Vm, Wwt, Ds, Ds, Chw, Wwrt, Dd^Vda, Ds, Ds, Wwt, Wwt, Ds, Wwt, Wwt, Wwt, Wwt, Ds, Wwt, Wwt, Wwt, Ww^Vm, Wot, Wot, Wot, Wot, Wot, Wot, Wot, Wot, Wot, Wot, Wot, Ww
Wot, Wot, Wot, Wot, Wot, Wot, Wot, Wot, Wot, Wot, Wot, Wot, Wwt, Wwrt, Wwt, Wwrt, Wwrt, Ds, Dd^Ftd, Wwt, Wwt, Wwt, Wwt, Wwt, Wot, Wot, Wot, Wwt, Wot, Wot, Wot, Wot, Wot, Wot, Wot, Wot, Wot, Wot, Wot, Wot, Wot, Wot, Wot, Ww
Wot, Wot, Wot, Wot, Wot, Wot, Wot, Wot, Wot, Wot, Wot, Wot, Wwt, Wwt, Wot, Wwt, Wwt, Wwt, Wwt, Wwt, Wot, Wot, Wot, Wot, Wot, Wot, Wot, Wot, Wot, Wot, Wot, Wot, Wot, Wot, Wot, Wot, Wot, Wot, Wot, Wot, Wot, Wot, Wot, Ww
Wot, Wot, Wot, Wot, Wot, Wot, Wot, Wot, Wot, Wot, Wot, Wot, Wot, Wot, Wot, Wwt, Wwt, Wot, Wot, Wot, Wot, Wot, Wot, Wot, Wot, Wot, Wot, Wot, Wot, Wot, Wot, Wot, Wot, Wot, Wot, Wot, Wot, Wot, Wot, Wot, Wot, Wot, Wot, Ww
Wot, Wot, Wot, Wot, Wot, Wot, Wot, Wot, Wot, Wot, Wot, Wot, Wot, Wot, Wot, Wot, Wot, Wot, Wot, Wot, Wot, Wot, Wot, Wot, Wot, Wot, Wot, Wot, Wot, Wot, Wot, Wot, Wot, Wot, Wot, Wot, Wot, Wot, Wot, Wot, Wot, Wot, Wot, Ww
Wot, Wot, Wot, Wot, Wot, Wot, Wot, Wot, Wot, Wot, Wot, Wot, Wot, Wot, Wot, Wot, Wot, Wot, Wot, Wot, Wot, Wot, Wot, Wot, Wot, Wot, Wot, Wot, Wot, Wot, Wot, Wot, Wot, Wot, Wot, Wot, Wot, Wot, Wot, Wot, Wot, Wot, Wot, Wot
