Wo, Wo, Wo, Wo, Wo, Wo, Wo, Wo, Ww, Wo, Ds, Ds, Hh, Hh, Hh, Hh, Hh, Gg, Gd, Gd, Gd, Gg, Gd, Re, Gg, Gd, Gg, Gd, Gd^Eff, Gg, Gd^Eff, Gg, Gd, Gg, Gd, Gd, Gd, Gg
Wo, Wo, Wo, Wo, Wo, Wo, Wo, Wo, Wo, Ww, Ww, Ds, Ds, Hh, Hh, Hh, Hh, Gg, Hh, Gd, Gg, Gg, Gs, Re, Gd, Gd, Gg, Gg^Es, Gd^Vhr, Gd^Eff, Gg, Gd, Gs, Gd, Hh, Gg, Gg, Gg
Wo, Wo, Wo, Wo, Wo, Wo, Wo, Wo, Wo, Ww, Ww, Ds, Ww^Es, Hh, Hh, Hh, Mm, Hh, Mm, Gg, Gg^Es, Gs, Gg, Re, Re, Hh, Hh, Hh, Hh, Gg, Hh, Hh, Hh, Hh, Hh, Hh, Hh, Hh
Wo, Wo, Wo, Wo, Wo, Wo, Wo, Wo, Hh, Hh, Ww, Ww^Es, Ww, Hh, Hh, Mm, Mm, Mm, Hh, Gs, Gg, Gd^Fetd, Gd, Gd, Re, Hh, Mm, Mm, Mm, Hh, Mm, Hh, Mm, Mm, Mm, Mm, Mm, Mm
Wo, Wo, Wo, Wo, Wo, Wo, Wo^Vm, Wo, Hh, Hh, Ww^Es, Wwr, Ww^Es, Hh, Mm, Mm, Mm, Hh, Hh, Gs, Gg, Gd, Gd, Gg^Es, Re, Hh, Hh, Hh, Hh, Mm, Hh, Hh, Hh, Mm, Hh, Hh, Hh, Hh
Wo, Wo, Wo, Wo, Wo, Wo, Wo, Wo, Ww, Ww, Ww, Wwr, Hh, Hh, Hh, Hh^Vhcr, Hh, Hh, Hh, Hh, Hh, Hh, Gs, Gd, Gd, Re, Gg, Hh, Gs, Hh, Hh, Hh, Gd, Gs, Gg, Gs, Gg^Es, Hh
Wo, Wo, Wo, Wo, Wo, Wo, Ww, Ww, Wwr, Ww, Ds, Ds^Esd, Chr, Hh, Hh, Hh, Gg, Gd, Gd, Hh, Gd, Gs, Gg^Dr, Gg, Wwf, Re, Wwf, Gs, Ww, Gs, Gg, Gg^Es, Gd, Gd, Gd^Vhr, Gd^Fetd, Gd, Gd
Wo, Wo, Wo, Wo, Wo, Wo, Wo, Ww, Ww, Ww, Ww, Dd^Dc, Hh, Hh, Hh, Gg, Gd, Gd^Fetd, Gd, Gg, Gd, Gg, Wo, Ww, Ww, Wwf, Ww, Ww, Ww, Ww, Gg, Gg, Gg, Gd, Rb^Gvs, Gd, Gd, Gd
Wo, Wo, Wo, Wo, Wo, Wo, Wo, Wo, Wo, Ww, Wwr, Ww^Edb, Ww^Edb, Hh, Hh, Gd, Gg^Edt, Gg^Edt, Gg, Gg, Ww, Wo^Bw|, Wo, Hh, Gd, Wwf^Edb, Wwf^Edb, Gd, Gs^Edt, Ww, Wo^Bw|, Ww, Ww^Edb, Gg, Gd, Rb^Gvs, Gg, Gg
Wo, Wo, Wo, Wo, Wo, Wo, Wo, Wo, Wo, Ww, Ww, Ww, Ww, Ww, Wwf, Gg, Ww, Wwr, Ww^Edb, Rp^Vhcr, Ww^Bw/, Rp, Rp, Gll^Edb, Gs, Wwf, Wwf, Chr, Gg^Edt, Gs, Rp, Ww, Ww, Ww, Wo, Gd, Gg, Gd
Wo, Wo, Wo, Wo, Wo, Wo, Wo, Wo, Wo, Wo, Wo, Wo, Wo, Ww, Wwf^Edb, Wo, Gg, Gs, Gll, Ww^Bw/, Wo, Gs^Edt, Wo, Rp, Wo, Wo, Rp^Vhhr, Wwf, Wwf^Edb, Md, Chr, Gd^Edt, Chr, Gd, Gs, Ww, Ww, Ww
Wo, Wo, Wo, Wo, Wo, Wo, Wo, Wo, Wo, Wo, Wo, Wo, Wo, Wwf, Wwf, Wo, Wo, Gd^Edt, Wo, Ww, Ww, Wo, Gd^Edb, Wo^Bsb|, Rb^Edb, Wo, Wwf, Wwf^Dr, Wwf, Mm, Chr, Chr, Chr, Gd, Gd^Edt, Ww, Ww, Ww
Wo, Wo, Wo, Wo, Wo, 1 Wo, Wo, Wo, Wo^Bw\, Wo, Wo, Wo, Wwf, Wwf^Edb, Chr, Ds, Gd, Wo^Bw|, Ww, Ww, Wo, Rb^Edb, Rp^Edb, Rp^Edt, Gll^Feth, Rb^Edb, Wo, Wo, Wwf, Mm, Md, 2 Khr, Chr, Rp^Vhcr, Gd, Wo, Wo, Wo
Wo, Wo, Wo, Wo, Wo, Wo, Wo^Bw/, Wo, Gs, Rp, Rp, Gs^Es, Rp, Rp, Chr, Gg^Dr, Chr, Gs^Edt, Dd^Dc, Wo, Wo^Bsb/, Wo^Bsb/, Rp^Vhcr, Rp^Edb, Rp^Edt, Rb^Edt, Gd^Edt, Wwf^Dr, Wwf, Wwf^Dr, Mm, Chr, Rp, Gg, Chr, Ww, Ww, Ww
Wo, Wo, Wo, Wo, Wo, Wo, Wo, Wo^Bw\, Rp, Rp^Vhcr, Rp, Rp, Rp, Rp^Edb, Chr^Dr, Khr, Chr, Gd, Ds, Ds, Ww, Wo, Ww, Gd^Edb, Wo^Bsb|, Rb^Edb, Wo, Wo, Wo, Wwf, Gll, Chr, Gd, Rp, Ww, Ww, Ww, Ww
Wo, Wo, Wo, Wo, Wo, Wo, Wo, Wo, Wo^Bw/, Gg, Wo, Rp, Wwf, Gd, Chr, Rp, Rp, Gg^Es, Wo, Wo, Ww, Ww, Gd, Wo, Gd, Wo, Rb^Edt, Wo, Wwf^Dr, Wwf^Dr, Ww, Ww, Ww, Ww^Bw|, Gg, Ww, Gg, Ww
Wo, Wo, Wo, Wo, Wo, Wo, Wo, Wo, Wo, Wo, Wo, Wo, Wwf, Dd^Dc, Ds, Gd^Edb, Wwf, Wwf^Edb, Rb, Gd^Edb, Rp^Vhhr, Rb, Gd, Wo^Bw/, Ww, Rb^Dr, Ww, Wwf, Gg, Ww, Ww, Ww^Edb, Ww^Edb, Rb, Gd, Gd, Gd, Gg
Wo, Wo, Wo, Wo, Wo, Wo, Wo, Wo, Wo, Wo, Dd^Dc, Ww, Rb, Wwf, Wwf, Wwf, Wwf^Edb, Wwf, Ww, Rb, Rb^Edb, Gd^Edb, Ww, Ww, Ww^Edb, Ww, Gg^Dr, Gs, Gd, Gd, Gg^Dr, Gg, Wwf, Rb, Rd, Gg, Gd, Gd
Wo, Wo, Wo, Wo, Wo, Wo, Wo, Wo, Wo, Ww, Ds, Rb, Rp^Vhcr, Rb^Dr, Rp, Wwf, Wwf, Wwf, Wwf, Ww, Ww^Bw|, Ww, Ww, Ww, Wwf, Ds, Gd, Gd^Edt, Gd, Gg^Edt, Gs, Gs, Wwf, Gd, Gd, Rd, Gg, Gd
Wo, Wo, Wo, Wo, Wo, Wo, Wo, Wo, Ww, Ww^Bw/, Ds, Chr, Gg, Rp, Ww, Ww, Ww, Wwf, Wwf, Wwf^Edb, Rd, Ww, Ds, Ds, Gs^Ft, Wwf^Edb, Wwf, Gd, Gg, Gd^Edt, Gd^Vhr, Gg, Gg, Wwf, Gd, Rd, Re, Gd
Wo, Wo, Wo, Wo, Wo, Wo, Wo, Ww, Ww, Ww, Ww^Bw/, Ds, Ww, Ds, Ww^Bw\, Ww^Edb, Gs^Ftp, Ds, Ds, Rd, Rd^Dr, Ds, Ds, Dd^Dc, Ds, Ds, Gd, Wwf, Wwf, Gd, Wwf, Gg, Wwf, Wwf^Edb, Gg, Gs, Gd, Re
Wo, Wo, Wo, Wo, Wo, Wo, Wo, Wo, Ww, Ww, Ww, Ww, Ww^Edb, Ww, Dd^Dc, Ds, Gs^Fms, Ds^Tf, Gs^Ftp, Rd, Rd, Rd, Rd, Rd, Rd, Ds, Gs, Gd, Gd, Wwf, Gs, Wwf, Gd, Gd, Gg, Gs, Gd, Gg
Wo, Wo, Wo, Wo, Wo, Wo, Wo, Wo, Wo, Ww, Ww, Ww, Ww, Ww, Ds, Ds^Em, Ds^Tf, Gs^Ft, Ss^Emf, Gs^Fms, Ss^Em, Gs^Ftp, Ds^Tf, Gs^Fms, Rd, Gs, Gs^Fms, Gs, Gg, Gd, Gg, Gd, Gd, Gd, Gg, Gg, Gd, Gg
Wo, Wo, Wo, Wo, Wo, Wo, Wo, Wo, Wo, Wo, Ww, Ww, Ww, Ww, Ss, Ww, Ww^Es, Ww, Ww, Ss, Ww, Ss, Ww, Ds^Emf, Gg^Em, Rd, Gg, Gs^Fms, Gs^Ft, Gg, Gs^Fms, Ss^Em, Gg, Gd, Gd, Gd, Rb^Gvs, Gg
Wo, Wo, Wo, Wo, Wo, Wo, Wo, Wo, Wo, Ww, Ww, Ds, Gs^Ft, Ss^Emf, Ww^Vm, Ww, Ww, Ww, Ds, Ww, Ss^Emf, Ww^Es, Ww, Ss^Tf, Gg^Tf, Rd, Re, Gg, Gd, Gg, Gd, Gg, Gg, Gd^Vhr, Gg, Rb^Gvs, Rb^Gvs, Rb^Gvs
Wo, Wo, Wo, Wo, Wo, Wo, Wo, Wo, Ww, Ww, Ds, Dd^Dc, Ds^Tf, Ww, Ww^Es, Ds, Ds, Gll^Ftr, Ww, Ss^Em, Ss^Em, Ss^Tf, Ww, Gs^Ftp, Gs^Fms, Gs^Fms, Gg, Rd, Re, Gd, Gg, Gd, Gd, Gg, Gd, Gg, Gd, Rb^Gvs
Wo, Wo, Wo, Wo, Wo, Wo, Wo, Wo, Ww, Ww, Ww, Ds, Gg, Ww, Ww, Ww, Ds, Ds, Gg, Ss, Ww, Ww, Gg, Gg, Gg, Gg, Gg, Gs^Fms, Re, Re, Re, Gg, Gg, Gd, Gd, Gd, Gg, Gg
