Wo, Wo, Wo, Wo, Wo, Wo, Wo, Wo, Wo, Wo, Wo, Wo, Wo, Wo, Wo, Wo, Wo, Wo, Wo, Wo, Wo, Wo, Ww, Ww, Ds, Ss, Ss, Ss, Ss
Wo, Wo, Wo, Wo, Wo, Wo, Wo, Wo, Wo, Wo, Wo, Wo, Wo, Wo, Wo, Wo, Wo, Wo, Wo, Wo, Ww, Ww, Ww, Ds, Ss, Ss^Tf, Ds, Ds, Ds
Wo, Wo, Wo, Wo, Wo, Wo, Wo, Wo, Wo, Wo, Wo, Wo, Wo, Wo, Wo, Wo, Wo, Wo, Wo, Ww, Ww, Ww, Ww, Ds, Gll^Ftr, Wwt, Wwt^Tf, Ds, Ds
Wo, Wo, Wo, Wo, Wo, Wo, Wo, Wo, Wo, Wo, Wo, Wo, Wo, Wo, Wo, Wo, Wo, Wo, Wo, Wo, Wo, Ww, Wwt^Vm, Ds, Ds, Ss, Ss, Ss^Tf, Ss
Wo, Wo, Wo, Wo, Wo, 1 Wo, Wo, Wo, Wo, Wo, Wo, Wo, Wo, Wo, Wo, Wo, Wo, Wo, Wo, Wo, Wo, Ww, Ww, Ww, Ww, Ss, Ds, Gll^Ftr, Ss
Wo, Wo, Wo, Wo, Wo, Wo, Wo, Wo, Wo, Wo, Wo, Wo, Wo, Wo, Wo, Wo, Wo, Wo, Wo, Wo, Ww, Ww, Ww, Ds, Qxe, Qxe, Chs^Dr, Gll^Ftr, Gg
Wo, Wo, Wo, Wo, Wo, Wo, Wo, Wo, Wo, Wo, Wo, Wo, Wo, Wo, Wo, Wo, Wo, Wo, Wo, Wo, Ww, Wwr, Ww, Ds, Ds, Ss, Ds, 3 Khs^Emf, Ss^Emf
Wo, Wo, Wo, Wo, Wo, Wo, Wo, Wo, Wo, Wo, Wo, Wo, Wo, Wo, Wo, Wo, Wo, Wo, Wo, Wo, Wo, Ww, Ww, Ww, Ss, Qxe, Ss^Tf, Chs, Wwt
Wo, Wo, Wo, Wo, Wo, Wo, Wo, Wo, Wo, Wo, Wo, Wo, Wo, Wo, Wo, Wo, Wo, Wo, Wo, Wo, Wo, Ww, Ww, Ss, Ds, Wwt, Ss, Wwt, Wwt^Emf
Wo, Wo, Wo, Wo, Wo, Wo, Wo, Wo, Wo, Wo, Wo, Wo, Wo, Wo, Wo, Wo, Wo, Wo, Wo, Wo, Wo, Ww, Ww, Ds, Ds, Gll^Ftr, Ss^Vhs, Wwt, Gll^Ftr
Wo, Wo, Wo, Wo, Wo, Wo, Wo, Wo, Wo, Wo, Wo, Wo, Wo, Wo, Wo, Wo, Wo, Wo, Wo, Wo, Wo, Wo, Wo, Ww, Ww, Ds, Wwt, Ss, Gg^Tf
Wo, Wo, Wo, Wo, Wo, Wo, Wo, Wo, Wo, Wo, Wo, Wo, Wo, Wo, Wo, Wo, Wo, Wo, Wo, Wo, Wo, Wo, Ww, Ww, Ds, Ss, Wwt, Ss, Ss
Wo, Wo, Wo, Wo, Wo, Wo, Wo, Wo, Wo, Wo, Wo, Wo, Wo, Wo, Wo, Wo, Wo, Wo, Wo, Wo, Wo, Wo, Ww, Ww, Ds, Wwt, Ss, Ds, Ss
Wo, Wo, Wo, Wo, Wo, Wo, Wo, Wo, Wo, Wo, Wo, Wo, Wo, Wo, Wo, Wo, Wo, Wo, Wo, Wo, Wo, Ww, Ww, Ds, Ds, Ss, Ss^Tf, Ds, Ss
Ww, Wo, Ww, Ww, Wo, Wo, Wo, Wo, Wo, Wo, Wo, Wo, Wo, Wo, Wo, Wo, Wo, Wo, Wo, Wo, Wo, Ww, Ww, Ds, Ss, Ss, Ss^Emf, Ds, Ss
Ww, Ww, Ww, Ww, Ww, Wo, Ww, Ww^Vm, Wo, Wo, Wo, Wo, Wo, Wo, Wo, Wo, Wo, Wo, Wo, Wo, Wo, Wo, Ww, Ds, Wwt, Wwt, Wwt, Ss, Ss^Tf
Dd^Ftd, Wwf, Dd^Ftd, Ww, Ww, Ww, Ww, Ww, Wo, Wo, Wo, Wo, Wo, Wo, Wo, Wo, Wo, Wo, Wo, Wo, Ww, Ww, Ww, Ds, Ss, Wwt^Tf, Md^Xm, Ss, Ss^Tf
Gll^Ftr, Dd^Ftd, Gll^Ftr, Ds, Ds, Ww, Ww, Wo, Wo, Wo, Wo, Wo, Wo, Wo, Wo, Wo, Wo, Wo, Wo, Ww, Wwr, Ww, Ww, Ds, Ds, Gll^Ftr, Gs^Ft, Gll^Ftr, Ss
Md^Xm, Gll^Ftr, Mm, Gs, Ds, Wwf, Ww, Wwr, Ww, Wo, Ww, Wo, Wo, Wo, Wo, Wo, Wo, Wo, Wo, Wo, Ww, Ww, Ds, Ww, Ds, Ds, Chs^Tf, Chs, Ss^Emf
Gll^Ftr, Md^Xm, Gs, Dd^Vda, Dd^Ftd, Wwf, Ww, Ww, Ww, Ww, Ww, Ww, Wo, Wo, Wo, Wo, Wo, Wo, Wo, Wo, Ww, Ds, Ds, Ss, Ww^Vm, Ds^Em, Chs, 2 Ket, Ss^Emf
Ds, Gll^Ftr, Ds^Dr, Ds, Wwf, Ww, Wwr, Ww, Ww, Ww, Ww, Ww, Ww, Wo, Ww, Wo, Wo, Wo, Wo, Ww, Ww, Ds, Ds, Wwt, Wwt, Md^Xm, Ss^Tf, Chs, Ss^Tf
Ww, Dd^Ftd, 4 Khw, Chw, Ww, Ww, Ww, Ww, Ww, Ww, Ww, Ww, Wwr, Wwr, Ww, Wo, Wo, Wo, Ww, Ww, Ds, Ss, Wwt, Wwt, Ds, Ss^Em, Ss, Gs^Ft, Gs^Ft
Ww, Chw, Ww, Ww, Ww, Wo, Wo, Wo, Wo, Ww, Ww, Ww, Wwr, Ww, Ww, Ww, Ww, Ww, Ds, Ds, Ds, Wwt, Wwt, Gll^Ftr, Gll^Ftr, Ww, Gll^Ftr, Gll^Ftr, Gll^Ftr
Wo, Ww, Ww, Ww, Wo, Wo, Wo, Wo, Wo, Ww, Ww, Ww^Vm, Wwr, Ww, Ww, Ww, Ww, Ds, Ww, Ds, Gs^Ft, Wwt, Gll^Ftr, Ss^Tf, Ss^Emf, Ss^Em, Wwt, Gll^Ftr, Gll^Ftr
Wo, Wo, Wo, Wo, Wo, Wo, Wo, Wo, Wo, Wo, Wo, Wo, Wo, Ww, Wo, Ww, Ww, Ds, Ww, Ss^Em, Ds, Gll^Ftr, Ds^Em, Ds, Wwt, Wwt, Wwt, Gs^Ft, Wwt
Wo, Wo, Wo, Wo, Wo, Wo, Wo, Wo, Wo, Wo, Wo, Wo, Wo, Wo, Wo, Wo, Wo, Ww, Ww, Ss, Wwt, Wwt, Ss^Em, Wwt, Ds, Ss, Wwt, Ss, Wwt
Wo, Wo, Wo, Wo, Wo, Wo, Wo, Wo, Wo, Wo, Wo, Wo, Wo, Wo, Wo, Wo, Wo, Ww, Ww, Ds, Ds, Ss, Wwt, Ds, Ss^Tf, Ds, Ds, Ss^Tf, Wwt
Wo, Wo, Wo, Wo, Wo, Wo, Wo, Wo, Wo, Wo, Wo, Wo, Wo, Wo, Wo, Wo, Wo, Wo, Wo, Ww, Ww, Ds, Gll^Ftr, Gll^Ftr, Wwt^Tf, Ww^Vm, Ds, Wwt, Gll^Ftr
Wo, Wo, Wo, Wo, Wo, Wo, Wo, Wo, Wo, Wo, Wo, Wo, Wo, Wo, Wo, Wo, Wo, Wo, Wo, Ww, Ww, Ds, Ds, Wwt, Gll^Ftr, Wwt, Gll^Ftr, Ds, Gg
Ww, Wo, Wo, Wo, Wo, Wo, Wo, Wo, Wo, Wo, Wo, Wo, Wo, Wo, Wo, Wo, Wo, Wo, Wo, Wo, Ww, Ww, Ds, Ds, Gs^Ftp, Gs^Ftp, Gll^Ftr, Gs^Ft, Gg
Ww, Ww, Ww, Ww, Ww, Ww, Ww, Ww, Ww, Wo, Wo, Wo, Wo, Wo, Wo, Wo, Wo, Wo, Wo, Wo, Ww, Ww, Ds, Ds, Ds, Gs^Ftp, Gs^Ft, Gs^Ftp, Gg
Ww, Ww, Ds, Ww, Ds, Dd^Ftd, Ds, Ww, Ww, Wo, Wo, Wo, Wo, Wo, Wo, Wo, Wo, Wo, Wo, Wo, Wo, Ww, Ww, Ww, Ww, Ds, Gs^Ftp, Gg, Gs^Ftp
Ww, Ww, Ds, Dd^Ftd, Gll^Ftr, Gll^Ftr, Dd^Ftd, Ww, Wo, Wo, Wo, Wo, Wo, Wo, Wo, Wo, Wo, Wo, Wo, Wo, Wo, Ww, Ww, Ds, Ds, Ds, Wwt, Gs^Ft, Gg
Ww, Dd^Ftd, Gll^Ftr, Gll^Ftr, Gll^Ftr, Dd^Ftd, Qxe, Ww, Wo, Wo, Wo, Wo, Wo, Wo, Wo, Wo, Wo, Wo, Wo, Wo, Wo, Wo, Ww, Ds, Ds, Ds, Wwt, Gs^Ftp, Ds
Ww, Ds, Ds, Gll^Ftr, Ds, Dd^Ftd, Ww, Ww, Ww, Wo, Wo, Wo, Wo, Wo, Wo, Wo, Wo, Wo, Wo, Wo, Wo, Wo, Ww, Ww, Ds, Dd^Ftd, Ds, Wwt, Ds
Ww, Ww, Wwf, Dd^Ftd, Wwf, Wwf, Ww, Ww, Ww, Wo, Wo, Wo, Wo, Wo, Wo, Wo, Wo, Wo, Wo, Wo, Wo, Wo, Wo, Ww, Ww, Ds, Dd^Ftd, Dd^Ftd, Ds
Ww, Ww, 5 Kme, Chw, Wwf, Ww^Vhs, Wwr, Ds, Ww, Ww, Wo, Wo, Wo, Wo, Wo, Wo, Wo, Wo, Wo, Wo, Wo, Wo, Wo, Ww, Ww, Ds, Ds, Ds, Hd
Wo, Ww, Wwf, Chw, Wwf, Ww, Wwr, Ww, Wo, Wo, Wo, Wo, Wo, Wo, Wo, Wo, Wo, Wo, Wo, Wo, Wo, Wo, Wo, Wo, Ww, Ww, Hd, Hd, Hd
Wo, Ww, Ww, Ds, Ds, Wwf, Ww, Wwr, Ww, Wo, Wo, Wo, Wo, Wo, Wo, Wo, Wo, Wo, Wo, Wo, Wo, Wo, Wo, Wo, Ww, Ww, Hd, Hd, Hd
Wo, Ww, Ww, Ds, Cer, Cer, Ds, Ww, Ww, Wo, Wo, Wo, Wo, Wo, Wo, Wo, Wo, Wo, Wo, Wo, Wo, Wo, Wo, Wo, Ww, Ww, Ds, Dd^Ftd, Ds
Ww, Ww, Wo, Ww, Ds, 6 Ker, Cer, Ww, Ww, Wo, Wo, Wo, Wo, Wo, Wo, Wo, Wo, Wo, Wo, Wo, Wo, Wo, Wo, Wo, Ww, Ww, Ww, Ds, Ds
Wo, Wo, Wo, Ww, Ww, Ds, Ds, Ww, Wwr, Wwr, Ww, Wo, Wo, Wo, Wo, Wo, Wo, Wo, Wo, Wo, Wo, Wo, Wo, Wo, Wo, Ww, Ww, Ds, Ds
Wo, Wo, Wo, Ww, Ww, Ww, Ww, Ww, Wwr, Wwr, Wo, Wo, Wo, Wo, Wo, Wo, Wo, Wo, Wo, Wo, Wo, Wo, Wo, Wo, Wo, Wo, Ww, Ds, Gs
Wo, Wo, Wo, Wo, Wo, Ww, Wo, Ww, Wo, Wo, Wo, Wo, Wo, Wo, Wo, Wo, Wo, Wo, Wo, Wo, Wo, Wo, Wo, Wo, Wo, Ww, Gg, Ww, Gg
Wo, Wo, Wo, Wo, Wo, Wo, Wo, Wo, Wo, Wo, Wo, Wo, Wo, Wo, Wo, Wo, Wo, Wo, Wo, Wo, Wo, Ww, Ww, Wo, Ww, Ww, Gs, Gg, Gs
Wo, Wo, Wo, Wo, Wo, Wo, Wo, Wo, Wo, Wo, Wo, Wo, Wo, Wo, Wo, Wo, Ww, Wo, Wwr, Wo, Ww, Ww^Vm, Wwr, Ww, Ww, Ww, Ww, Gg, Gd
Wo, Wo, Wo, Wo, Wo, Wo, Wo, Wo, Wo, Wo, Wo, Wo, Wo, Wo, Wwr, Wwr, Ww, Wwr, Ww, Wwr, Ww, Ww, Ww, Wwr, Ww, Ww, Ww, Gg, Gg
Wo, Wo, Wo, Wo, Wo, Wo, Wo, Wo, Ww, Wo, Ww, Wo, Wo, Ww, Ww, Ww, Ww, Ww, Ww, Ww, Ww, Ds, Ww, Ww, Wwr, Ww, Wwf, Gs, Gs
Wo, Wo, Wo, Wo, Wo, Wo, Wo, Wo, Ww, Ww, Ds, Ww, Wwr, Wwr, Ww, Ww, Ds, Ds, Gs, Ds, Wwf, Wwf, Wwf, Ds, Wwf, Qxe, Ww, Gg, Hh
Wo, Wo, Wo, Wo, Wo, Wo, Wo, Ww, Wo, Ww, Ww, Ds, Ww, Ww, Wwr, Ww, Ds, Gg, Gll, Gg, Ds, Wwrt, Wwf, Wwf, Ds, Qxe, Qxe, Gg, Hh
Wo, Wo, Wo, Wo, Wo, Wo, Wo, Wo, Wo, Wo, Wo, Ww, Ww, Ww, Wo, Ww, Ww, Ds, Ds, Gg, Gs, Gll, Gg, Ss^Vhs, Ss, Wwrt, Gs, Gd, Gg
Wo, Wo, Wo, Wo, Wo, Wo, Wo, Wo, Wo, Wo, Wo, Wo, Wo, Wo, Ww, Wo, Ww, Ww, Ds, Ds, Ss, Wwrt, Chw^Dr, Chw, Cm, Wwrt, Ds, Gll, Gg
Wo, Wo, Wo, Wo, Wo, Wo, Wo, Wo, Wo, Wo, Wo, Wo, Wo, Ww, Ww, Ww, Wwr, Ww, Ww, Wwf, Wwf, Ds, Cm, Cme, 7 Km^Dr, Ds, Ds, Gg, Gg
Wo, Wo, Wo, Wo, Wo, Wo, Wo, Wo, Wo, Wo, Wo, Wo, Ww, Ww, Wwr, Wwr, Wwr, Ww, Ww, Wwrt, Wwf, Ds, Ss, Chw, Ds, Ds, Ds, Gd, Hh
Wo, Wo, Wo, Wo, Wo, Wo, Wo, Wo, Wo, Wo, Wo, Wo, Wwr, Wwr, Ww, Ww^Vm, Ww, Ww, Wwr, Ww, Ds, Wwf, Ds, Wwf, Gg, Gll, Gg, Gg, Hh
Wo, Wo, Wo, Wo, Wo, Wo, Wo, Wo, Wo, Wo, Wo, Wo, Wo, Wo, Ww, Ww, Wwr, Ww, Ww, Ds, Gs, Gg, Ds, Ds, Gs, Gs, Gs^Vc, Hh, Hh
Wo, Wo, Wo, Wo, Wo, Wo, Wo, Wo, Wo, Wo, Wo, Wo, Wo, Wo, Wo, Wwr, Wo, Ww, Ww, Ds, Ds, Gll, Gg, Gs, Gg, Gll, Gg, Hh, Hh
Wo, Wo, Wo, Wo, Wo, Wo, Wo, Wo, Wo, Wo, Wo, Wo, Wo, Wo, Wo, Wo, Wo, Ww, Ww, Ww, Ww, Ds, Ds, Ds, Ds, Ds, Gg, Gg, Hh
Wo, Wo, Wo, Wo, Wo, Wo, Wo, Wo, Wo, Wo, Wo, Wo, Wo, Wo, Wo, Wo, Wo, Wo, Ww, Ww, Ww, Ww, Ww, Ds, Ds, Ds, Gs, Gs, Gg
